// Jest Snapshot v1, https://goo.gl/fbAQLP

exports[`MaterialVideoPage renders as expected 1`] = `
<span
  className=""
>
  <span>
    <span
      className="videoSectionMain"
    >
      <svg
        aria-hidden={true}
        className="MuiSvgIcon-root comment-round-button-4"
        focusable="false"
        onClick={[Function]}
        style={
          Object {
            "fontSize": 60,
            "visibility": "visible",
          }
        }
        viewBox="0 0 24 24"
      >
        <path
          d="M17 10.5V7c0-.55-.45-1-1-1H4c-.55 0-1 .45-1 1v10c0 .55.45 1 1 1h12c.55 0 1-.45 1-1v-3.5l4 4v-11l-4 4zM14 13h-3v3H9v-3H6v-2h3V8h2v3h3v2z"
        />
      </svg>
      <svg
        aria-hidden={true}
        className="MuiSvgIcon-root comment-round-button-3"
        focusable="false"
        onClick={[Function]}
        style={
          Object {
            "fontSize": 60,
            "position": "relative",
            "visibility": "hidden",
          }
        }
        viewBox="0 0 24 24"
      >
        <path
          d="M6 19c0 1.1.9 2 2 2h8c1.1 0 2-.9 2-2V7H6v12zM19 4h-3.5l-1-1h-5l-1 1H5v2h14V4z"
        />
      </svg>
    </span>
    <div
      className="mainVideoSection-recordingStopped"
    />
  </span>
</span>
`;
